--- Step 1: Discovering Resources ---

[Scanner] Discovered 10 resources:
 - Type: Cloud Storage | ID: very_important_data | Name: very_important_data
 - Type: IAM | ID: 105313519206445466877 | Name: 22383850619-compute@developer.gserviceaccount.com
 - Type: IAM | ID: 114840624267297003705 | Name: vertex-express@cloudriskanalyzer-lab.iam.gserviceaccount.com
 - Type: IAM | ID: 100887224502453042819 | Name: cloudrisk-scanner@cloudriskanalyzer-lab.iam.gserviceaccount.com
 - Type: IAM | ID: projects/cloudriskanalyzer-lab/iamPolicy | Name: cloudriskanalyzer-lab - Project IAM Policy
 - Type: Firewall Rules | ID: 2560758594099195176 | Name: allow-all-roule-1
 - Type: Firewall Rules | ID: 4844110908282917152 | Name: default-allow-icmp
 - Type: Firewall Rules | ID: 7069569528628007200 | Name: default-allow-internal
 - Type: Firewall Rules | ID: 2009347482635227424 | Name: default-allow-rdp
 - Type: Firewall Rules | ID: 5368886651211501856 | Name: default-allow-ssh

--- Step 2 & 3: Scanning Resources ---

[1/10] Scanning resource: [Cloud Storage] very_important_data (very_important_data)...
Configuration collected:
{ 'error': "'Bucket' object has no attribute 'retention_policy'",
  'name': 'very_important_data',
  'type': 'Cloud Storage'}
Rule Evaluations (Checks: 5):
  - [SAFE] Rule: Public Bucket (GCP-STORAGE-001)
    Description:    The bucket's IAM policy grants access to 'allUsers' or 'allAuthenticatedUsers'.
  - [HIGH] Rule: Public Access Prevention Disabled (GCP-STORAGE-002)
    Description:    Public Access Prevention is not set to 'enforced' on the bucket.
    Recommendation: Set the bucket's public access prevention setting to 'enforced'.
  - [MEDIUM] Rule: Uniform Bucket-Level Access Disabled (GCP-STORAGE-003)
    Description:    Uniform bucket-level access is disabled, allowing legacy per-object ACLs to grant access.
    Recommendation: Enable uniform bucket-level access to enforce IAM-only access control on the bucket.
  - [LOW] Rule: Versioning Disabled (GCP-STORAGE-004)
    Description:    Object versioning is disabled, so overwritten or deleted objects cannot be recovered.
    Recommendation: Enable object versioning to protect against accidental or malicious data loss.
  - [LOW] Rule: Bucket Logging Disabled (GCP-STORAGE-005)
    Description:    Access logging is disabled, limiting visibility into who accessed the bucket's contents.
    Recommendation: Enable bucket logging and route logs to a dedicated, access-restricted logging bucket.

[2/10] Scanning resource: [IAM] 22383850619-compute@developer.gserviceaccount.com (105313519206445466877)...
Configuration collected:
{ 'disabled': False,
  'display_name': 'Compute Engine default service account',
  'id': '105313519206445466877',
  'name': '22383850619-compute@developer.gserviceaccount.com',
  'subtype': 'service_account',
  'type': 'IAM',
  'user_managed_key_count': 1,
  'user_managed_keys': [ { 'key_id': '853558d0d184608540f27e86057c23f920365af7',
                           'key_type': 'USER_MANAGED',
                           'valid_after': '2026-07-28T10:17:20Z',
                           'valid_before': '9999-12-31T23:59:59Z'}]}
Rule Evaluations (Checks: 1):
  - [MEDIUM] Rule: User-Managed Service Account Keys Exist (GCP-IAM-003)
    Description:    The service account has one or more user-managed keys, which do not expire automatically and increase the risk of credential leakage.
    Recommendation: Avoid user-managed keys; prefer short-lived credentials such as Workload Identity Federation or attached service accounts, and rotate or delete any existing user-managed keys.

[3/10] Scanning resource: [IAM] vertex-express@cloudriskanalyzer-lab.iam.gserviceaccount.com (114840624267297003705)...
Configuration collected:
{ 'disabled': False,
  'display_name': None,
  'id': '114840624267297003705',
  'name': 'vertex-express@cloudriskanalyzer-lab.iam.gserviceaccount.com',
  'subtype': 'service_account',
  'type': 'IAM',
  'user_managed_key_count': 0,
  'user_managed_keys': []}
Rule Evaluations (Checks: 1):
  - [SAFE] Rule: User-Managed Service Account Keys Exist (GCP-IAM-003)
    Description:    The service account has one or more user-managed keys, which do not expire automatically and increase the risk of credential leakage.

[4/10] Scanning resource: [IAM] cloudrisk-scanner@cloudriskanalyzer-lab.iam.gserviceaccount.com (100887224502453042819)...
Configuration collected:
{ 'disabled': False,
  'display_name': 'cloudrisk-scanner',
  'id': '100887224502453042819',
  'name': 'cloudrisk-scanner@cloudriskanalyzer-lab.iam.gserviceaccount.com',
  'subtype': 'service_account',
  'type': 'IAM',
  'user_managed_key_count': 2,
  'user_managed_keys': [ { 'key_id': 'ce2d4f17c44f17c9d344ebe649c77ae5ca27ae61',
                           'key_type': 'USER_MANAGED',
                           'valid_after': '2026-07-27T12:44:29Z',
                           'valid_before': '9999-12-31T23:59:59Z'},
                         { 'key_id': 'ac17fca752df93bde30e16691835c869a041a692',
                           'key_type': 'USER_MANAGED',
                           'valid_after': '2026-08-05T09:18:22Z',
                           'valid_before': '9999-12-31T23:59:59Z'}]}
Rule Evaluations (Checks: 1):
  - [MEDIUM] Rule: User-Managed Service Account Keys Exist (GCP-IAM-003)
    Description:    The service account has one or more user-managed keys, which do not expire automatically and increase the risk of credential leakage.
    Recommendation: Avoid user-managed keys; prefer short-lived credentials such as Workload Identity Federation or attached service accounts, and rotate or delete any existing user-managed keys.

[5/10] Scanning resource: [IAM] cloudriskanalyzer-lab - Project IAM Policy (projects/cloudriskanalyzer-lab/iamPolicy)...
Configuration collected:
{ 'binding_count': 9,
  'bindings': [ { 'members': [ 'serviceAccount:vertex-express@cloudriskanalyzer-lab.iam.gserviceaccount.com'],
                  'role': 'roles/aiplatform.expressUser'},
                { 'members': [ 'serviceAccount:cloudrisk-scanner@cloudriskanalyzer-lab.iam.gserviceaccount.com'],
                  'role': 'roles/browser'},
                { 'members': [ 'serviceAccount:22383850619@cloudservices.gserviceaccount.com'],
                  'role': 'roles/compute.instanceGroupManagerServiceAgent'},
                { 'members': [ 'serviceAccount:service-22383850619@compute-system.iam.gserviceaccount.com'],
                  'role': 'roles/compute.serviceAgent'},
                { 'members': [ 'serviceAccount:22383850619-compute@developer.gserviceaccount.com'],
                  'role': 'roles/editor'},
                { 'members': [ 'serviceAccount:cloudrisk-scanner@cloudriskanalyzer-lab.iam.gserviceaccount.com'],
                  'role': 'roles/iam.securityAuditor'},
                { 'members': [ 'serviceAccount:service-22383850619@gcp-sa-notebooks.iam.gserviceaccount.com'],
                  'role': 'roles/notebooks.serviceAgent'},
                { 'members': [ 'serviceAccount:cloudrisk-scanner@cloudriskanalyzer-lab.iam.gserviceaccount.com',
                               'user:amreabod@gmail.com'],
                  'role': 'roles/owner'},
                { 'members': [ 'serviceAccount:cloudrisk-scanner@cloudriskanalyzer-lab.iam.gserviceaccount.com'],
                  'role': 'roles/viewer'}],
  'has_primitive_role_binding': True,
  'has_public_binding': False,
  'id': 'projects/cloudriskanalyzer-lab/iamPolicy',
  'name': 'cloudriskanalyzer-lab - Project IAM Policy',
  'subtype': 'project_iam_policy',
  'type': 'IAM'}
Rule Evaluations (Checks: 2):
  - [MEDIUM] Rule: Primitive IAM Roles Assigned (GCP-IAM-001)
    Description:    Owner, Editor or Viewer roles were detected on the project IAM policy.
    Recommendation: Replace primitive roles with least-privilege predefined or custom roles.
  - [SAFE] Rule: Public IAM Bindings (GCP-IAM-002)
    Description:    One or more IAM bindings grant access to 'allUsers' or 'allAuthenticatedUsers', exposing the project publicly.

[6/10] Scanning resource: [Firewall Rules] allow-all-roule-1 (2560758594099195176)...
Configuration collected:
{ 'allowed': [{'ports': ['22'], 'protocol': 'tcp'}],
  'denied': [],
  'direction': 'INGRESS',
  'disabled': False,
  'id': '2560758594099195176',
  'is_open_to_internet': True,
  'name': 'allow-all-roule-1',
  'network': 'default',
  'priority': 1000,
  'risky_open_ports': ['22'],
  'source_ranges': ['0.0.0.0/0'],
  'target_tags': [],
  'type': 'Firewall Rules'}
Rule Evaluations (Checks: 2):
  - [HIGH] Rule: Sensitive Ports Exposed to the Internet (GCP-FW-001)
    Description:    The firewall rule allows inbound traffic from the internet (0.0.0.0/0) on sensitive ports such as SSH (22) or RDP (3389).
    Recommendation: Restrict source ranges to trusted IP addresses or use Identity-Aware Proxy for admin access.
  - [SAFE] Rule: Allow-All Firewall Rule (GCP-FW-002)
    Description:    The firewall rule allows all ports and/or all protocols from the internet (0.0.0.0/0).

[7/10] Scanning resource: [Firewall Rules] default-allow-icmp (4844110908282917152)...
Configuration collected:
{ 'allowed': [{'ports': [], 'protocol': 'icmp'}],
  'denied': [],
  'direction': 'INGRESS',
  'disabled': False,
  'id': '4844110908282917152',
  'is_open_to_internet': True,
  'name': 'default-allow-icmp',
  'network': 'default',
  'priority': 65534,
  'risky_open_ports': [],
  'source_ranges': ['0.0.0.0/0'],
  'target_tags': [],
  'type': 'Firewall Rules'}
Rule Evaluations (Checks: 2):
  - [SAFE] Rule: Sensitive Ports Exposed to the Internet (GCP-FW-001)
    Description:    The firewall rule allows inbound traffic from the internet (0.0.0.0/0) on sensitive ports such as SSH (22) or RDP (3389).
  - [SAFE] Rule: Allow-All Firewall Rule (GCP-FW-002)
    Description:    The firewall rule allows all ports and/or all protocols from the internet (0.0.0.0/0).

[8/10] Scanning resource: [Firewall Rules] default-allow-internal (7069569528628007200)...
Configuration collected:
{ 'allowed': [ {'ports': ['0-65535'], 'protocol': 'tcp'},
               {'ports': ['0-65535'], 'protocol': 'udp'},
               {'ports': [], 'protocol': 'icmp'}],
  'denied': [],
  'direction': 'INGRESS',
  'disabled': False,
  'id': '7069569528628007200',
  'is_open_to_internet': False,
  'name': 'default-allow-internal',
  'network': 'default',
  'priority': 65534,
  'risky_open_ports': [],
  'source_ranges': ['10.128.0.0/9'],
  'target_tags': [],
  'type': 'Firewall Rules'}
Rule Evaluations (Checks: 2):
  - [SAFE] Rule: Sensitive Ports Exposed to the Internet (GCP-FW-001)
    Description:    The firewall rule allows inbound traffic from the internet (0.0.0.0/0) on sensitive ports such as SSH (22) or RDP (3389).
  - [SAFE] Rule: Allow-All Firewall Rule (GCP-FW-002)
    Description:    The firewall rule allows all ports and/or all protocols from the internet (0.0.0.0/0).

[9/10] Scanning resource: [Firewall Rules] default-allow-rdp (2009347482635227424)...
Configuration collected:
{ 'allowed': [{'ports': ['3389'], 'protocol': 'tcp'}],
  'denied': [],
  'direction': 'INGRESS',
  'disabled': False,
  'id': '2009347482635227424',
  'is_open_to_internet': True,
  'name': 'default-allow-rdp',
  'network': 'default',
  'priority': 65534,
  'risky_open_ports': ['3389'],
  'source_ranges': ['0.0.0.0/0'],
  'target_tags': [],
  'type': 'Firewall Rules'}
Rule Evaluations (Checks: 2):
  - [HIGH] Rule: Sensitive Ports Exposed to the Internet (GCP-FW-001)
    Description:    The firewall rule allows inbound traffic from the internet (0.0.0.0/0) on sensitive ports such as SSH (22) or RDP (3389).
    Recommendation: Restrict source ranges to trusted IP addresses or use Identity-Aware Proxy for admin access.
  - [SAFE] Rule: Allow-All Firewall Rule (GCP-FW-002)
    Description:    The firewall rule allows all ports and/or all protocols from the internet (0.0.0.0/0).

[10/10] Scanning resource: [Firewall Rules] default-allow-ssh (5368886651211501856)...
Configuration collected:
{ 'allowed': [{'ports': ['22'], 'protocol': 'tcp'}],
  'denied': [],
  'direction': 'INGRESS',
  'disabled': False,
  'id': '5368886651211501856',
  'is_open_to_internet': True,
  'name': 'default-allow-ssh',
  'network': 'default',
  'priority': 65534,
  'risky_open_ports': ['22'],
  'source_ranges': ['0.0.0.0/0'],
  'target_tags': [],
  'type': 'Firewall Rules'}
Rule Evaluations (Checks: 2):
  - [HIGH] Rule: Sensitive Ports Exposed to the Internet (GCP-FW-001)
    Description:    The firewall rule allows inbound traffic from the internet (0.0.0.0/0) on sensitive ports such as SSH (22) or RDP (3389).
    Recommendation: Restrict source ranges to trusted IP addresses or use Identity-Aware Proxy for admin access.
  - [SAFE] Rule: Allow-All Firewall Rule (GCP-FW-002)
    Description:    The firewall rule allows all ports and/or all protocols from the internet (0.0.0.0/0).
