--- Step 1: Discovering Resources ---

[Scanner] Discovered 2 resources:
 - Type: Cloud Storage | ID: very_important_data | Name: very_important_data
 - Type: IAM | ID: projects/cloudriskanalyzer-lab/iamPolicy | Name: cloudriskanalyzer-lab - Project IAM Policy

--- Step 2 & 3: Scanning Resources ---

[1/2] Scanning resource: [Cloud Storage] very_important_data (very_important_data)...
Configuration collected:
{ 'error': '403 GET '
           'https://storage.googleapis.com/storage/v1/b/very_important_data/iam?optionsRequestedPolicyVersion=3&prettyPrint=false: '
           'Provided scope(s) are not authorized',
  'name': 'very_important_data',
  'type': 'Cloud Storage'}
Rule Evaluations (Checks: 0):

[2/2] Scanning resource: [IAM] cloudriskanalyzer-lab - Project IAM Policy (projects/cloudriskanalyzer-lab/iamPolicy)...
Configuration collected:
{ 'binding_count': 7,
  'bindings': [ { 'members': [ 'serviceAccount:cloudrisk-scanner@cloudriskanalyzer-lab.iam.gserviceaccount.com'],
                  'role': 'roles/browser'},
                { 'members': [ 'serviceAccount:22383850619@cloudservices.gserviceaccount.com'],
                  'role': 'roles/compute.instanceGroupManagerServiceAgent'},
                { 'members': [ 'serviceAccount:service-22383850619@compute-system.iam.gserviceaccount.com'],
                  'role': 'roles/compute.serviceAgent'},
                { 'members': [ 'serviceAccount:22383850619-compute@developer.gserviceaccount.com'],
                  'role': 'roles/editor'},
                { 'members': [ 'serviceAccount:cloudrisk-scanner@cloudriskanalyzer-lab.iam.gserviceaccount.com'],
                  'role': 'roles/iam.securityAuditor'},
                { 'members': [ 'serviceAccount:cloudrisk-scanner@cloudriskanalyzer-lab.iam.gserviceaccount.com',
                               'user:amreabod@gmail.com'],
                  'role': 'roles/owner'},
                { 'members': [ 'serviceAccount:cloudrisk-scanner@cloudriskanalyzer-lab.iam.gserviceaccount.com'],
                  'role': 'roles/viewer'}],
  'has_primitive_role_binding': True,
  'has_public_binding': False,
  'id': 'projects/cloudriskanalyzer-lab/iamPolicy',
  'name': 'cloudriskanalyzer-lab - Project IAM Policy',
  'subtype': 'project_iam_policy',
  'type': 'IAM'}
Rule Evaluations (Checks: 0):
